// Jest Snapshot v1, https://goo.gl/fbAQLP

exports[`App snapshot test 1`] = `
<View
  accessibilityState={
    {
      "busy": undefined,
      "checked": undefined,
      "disabled": undefined,
      "expanded": undefined,
      "selected": undefined,
    }
  }
  accessibilityValue={
    {
      "max": undefined,
      "min": undefined,
      "now": undefined,
      "text": undefined,
    }
  }
  accessible={true}
  collapsable={false}
  focusable={true}
  onClick={[Function]}
  onResponderGrant={[Function]}
  onResponderMove={[Function]}
  onResponderRelease={[Function]}
  onResponderTerminate={[Function]}
  onResponderTerminationRequest={[Function]}
  onStartShouldSetResponder={[Function]}
  style={
    {
      "marginBottom": 5,
      "opacity": 1,
      "paddingLeft": 10,
      "paddingRight": 10,
    }
  }
>
  <View
    className="sc-beqWaB frbneG"
  >
    <View
      className="sc-gueYoa fxeKqo"
    >
      <Text />
      <Text
        className="sc-eDDNvR btIXrk"
      />
    </View>
    <View
      className="sc-jTrPJq hGlsa-d"
    >
      <Text>
        0/0
      </Text>
      <View
        accessibilityState={
          {
            "busy": undefined,
            "checked": undefined,
            "disabled": undefined,
            "expanded": undefined,
            "selected": undefined,
          }
        }
        accessibilityValue={
          {
            "max": undefined,
            "min": undefined,
            "now": undefined,
            "text": undefined,
          }
        }
        accessible={true}
        collapsable={false}
        focusable={true}
        onClick={[Function]}
        onResponderGrant={[Function]}
        onResponderMove={[Function]}
        onResponderRelease={[Function]}
        onResponderTerminate={[Function]}
        onResponderTerminationRequest={[Function]}
        onStartShouldSetResponder={[Function]}
        style={
          {
            "opacity": 1,
          }
        }
      >
        <Text />
      </View>
      <View
        accessibilityState={
          {
            "busy": undefined,
            "checked": undefined,
            "disabled": undefined,
            "expanded": undefined,
            "selected": undefined,
          }
        }
        accessibilityValue={
          {
            "max": undefined,
            "min": undefined,
            "now": undefined,
            "text": undefined,
          }
        }
        accessible={true}
        collapsable={false}
        focusable={true}
        onClick={[Function]}
        onResponderGrant={[Function]}
        onResponderMove={[Function]}
        onResponderRelease={[Function]}
        onResponderTerminate={[Function]}
        onResponderTerminationRequest={[Function]}
        onStartShouldSetResponder={[Function]}
        style={
          {
            "opacity": 1,
          }
        }
      >
        <Text />
      </View>
    </View>
  </View>
  <View
    accessibilityRole="progressbar"
    accessibilityState={
      {
        "busy": true,
      }
    }
    accessibilityValue={
      {
        "max": 100,
        "min": 0,
        "now": 0,
      }
    }
    accessible={true}
    onLayout={[Function]}
  >
    <View
      collapsable={false}
      style={
        {
          "backgroundColor": "rgba(231, 224, 236, 1)",
          "height": 4,
          "opacity": 0,
          "overflow": "hidden",
        }
      }
    />
  </View>
</View>
`;
